{
  "version": 1,
  "benchmarks": [
    {
      "benchmark_type": "CIS",
      "product": "ubuntu2404",
      "product_long": "Ubuntu 24.04 LTS (Noble Numbat)",
      "version": "v1.0.0",
      "profiles": {
        "cis_level1_server": {},
        "cis_level2_server": {},
        "cis_level1_workstation": {},
        "cis_level2_workstation": {}
      },
      "description": "ComplianceAsCode implementation of CIS Ubuntu 24.04 LTS v1.0.0 benchmark.\n",
      "release_notes_url": "https://github.com/canonical/ubuntu-security-guide/",
      "reference_url": "https://www.cisecurity.org/benchmark/ubuntu_linux/",
      "tailoring_version": 1,
      "benchmark_id": "ubuntu2404_CIS_1",
      "compatible_versions": [],
      "breaking_upgrade_path": [
        "v1.0.1",
        "v2.0.0"
      ],
      "is_latest": false,
      "release_timestamp": 1,
      "data_files": {
        "datastream_gz": {
          "path": "ubuntu2404_CIS_1/ssg-ubuntu2404-ds.xml.gz",
          "sha256": "501976f555746e204de66bf7b9ec722860d02771f5715163c1a49f0541dfa2d6",
          "sha256_orig": "d5698f5a7d570b9bd033215700a1f67543e6d2bf6bfd0822740b449f12325330"
        }
      },
      "tailoring_files": {
        "cis_level1_server": {
          "path": "ubuntu2404_CIS_1/tailoring/cis_level1_server-tailoring.xml",
          "sha256": "eab1c25d7565f0d28a51220238ab13e8982eeb4042e912b87caae510534cbeb3"
        },
        "cis_level2_server": {
          "path": "ubuntu2404_CIS_1/tailoring/cis_level2_server-tailoring.xml",
          "sha256": "32aa8339f2eee97ce9dbe888b8db9e37f17e36d735d71f6d6f884465a64b1587"
        },
        "cis_level1_workstation": {
          "path": "ubuntu2404_CIS_1/tailoring/cis_level1_workstation-tailoring.xml",
          "sha256": "0b84590aa66f223e49153b359aed2b57578081db8544c77d30ae5a9a50e13470"
        },
        "cis_level2_workstation": {
          "path": "ubuntu2404_CIS_1/tailoring/cis_level2_workstation-tailoring.xml",
          "sha256": "ab57fa3bde394f15defbf7d90615b2ac60c699571594cf5e8a823afbc6eb76e2"
        }
      }
    },
    {
      "benchmark_type": "CIS",
      "product": "ubuntu2404",
      "product_long": "Ubuntu 24.04 LTS (Noble Numbat)",
      "version": "v1.0.1",
      "profiles": {
        "cis_level1_server": {},
        "cis_level2_server": {},
        "cis_level1_workstation": {},
        "cis_level2_workstation": {}
      },
      "description": "ComplianceAsCode implementation of CIS Ubuntu 24.04 LTS v1.0.1 benchmark.\n",
      "release_notes_url": "https://github.com/canonical/ubuntu-security-guide/",
      "reference_url": "https://www.cisecurity.org/benchmark/ubuntu_linux/",
      "tailoring_version": 2,
      "benchmark_id": "ubuntu2404_CIS_2",
      "compatible_versions": [
        "v1.0.0.usg1"
      ],
      "breaking_upgrade_path": [
        "v2.0.0"
      ],
      "is_latest": false,
      "release_timestamp": 2,
      "data_files": {
        "datastream_gz": {
          "path": "ubuntu2404_CIS_2/ssg-ubuntu2404-ds.xml.gz",
          "sha256": "501976f555746e204de66bf7b9ec722860d02771f5715163c1a49f0541dfa2d6",
          "sha256_orig": "d5698f5a7d570b9bd033215700a1f67543e6d2bf6bfd0822740b449f12325330"
        }
      },
      "tailoring_files": {
        "cis_level1_server": {
          "path": "ubuntu2404_CIS_2/tailoring/cis_level1_server-tailoring.xml",
          "sha256": "ac76e9afc81ff3499090b966d4cdbaaa87a46d6b9133032c2ec195384f44d507"
        },
        "cis_level2_server": {
          "path": "ubuntu2404_CIS_2/tailoring/cis_level2_server-tailoring.xml",
          "sha256": "e50bcbf1feceb5271d59f5ec66e00f827f7c5eb9ff40201e8a3d63f72ef09172"
        },
        "cis_level1_workstation": {
          "path": "ubuntu2404_CIS_2/tailoring/cis_level1_workstation-tailoring.xml",
          "sha256": "0fe3574dbed439d68e5160ee1e681aa4f750e94582647dcad173527602d77c4d"
        },
        "cis_level2_workstation": {
          "path": "ubuntu2404_CIS_2/tailoring/cis_level2_workstation-tailoring.xml",
          "sha256": "48f5b0c969cb3209d97507cd182daedd18b6f0dfd61bf674e32dc53f3e498d9c"
        }
      }
    },
    {
      "benchmark_type": "CIS",
      "product": "ubuntu2404",
      "product_long": "Ubuntu 24.04 LTS (Noble Numbat)",
      "version": "v2.0.0",
      "profiles": {
        "cis_level1_server": {},
        "cis_level2_server": {},
        "cis_level1_workstation": {},
        "cis_level2_workstation": {}
      },
      "description": "ComplianceAsCode implementation of CIS Ubuntu 24.04 LTS v2.0.0 benchmark.\n",
      "release_notes_url": "https://github.com/canonical/ubuntu-security-guide/",
      "reference_url": "https://www.cisecurity.org/benchmark/ubuntu_linux/",
      "tailoring_version": 3,
      "benchmark_id": "ubuntu2404_CIS_3",
      "compatible_versions": [],
      "breaking_upgrade_path": [],
      "is_latest": true,
      "release_timestamp": 3,
      "data_files": {
        "datastream_gz": {
          "path": "ubuntu2404_CIS_3/ssg-ubuntu2404-ds.xml.gz",
          "sha256": "501976f555746e204de66bf7b9ec722860d02771f5715163c1a49f0541dfa2d6",
          "sha256_orig": "d5698f5a7d570b9bd033215700a1f67543e6d2bf6bfd0822740b449f12325330"
        }
      },
      "tailoring_files": {
        "cis_level1_server": {
          "path": "ubuntu2404_CIS_3/tailoring/cis_level1_server-tailoring.xml",
          "sha256": "19782c89163a756b372820b7f852bc23074a4578c0526df7a341d3c248e2300d"
        },
        "cis_level2_server": {
          "path": "ubuntu2404_CIS_3/tailoring/cis_level2_server-tailoring.xml",
          "sha256": "d152d7673f43f3c6dee19d5e29cdc393aa352329d474d76af58c06e26d6ac861"
        },
        "cis_level1_workstation": {
          "path": "ubuntu2404_CIS_3/tailoring/cis_level1_workstation-tailoring.xml",
          "sha256": "66692fda4821772c8b2e7450de9fbbccd18058d87780d787afe5ef35c19b12f4"
        },
        "cis_level2_workstation": {
          "path": "ubuntu2404_CIS_3/tailoring/cis_level2_workstation-tailoring.xml",
          "sha256": "ec7751cfc2834a7b9e8adfd23ce81b0498035e14418e2a88ba08231d847a6ccb"
        }
      }
    },
    {
      "benchmark_type": "STIG",
      "product": "ubuntu2404",
      "product_long": "Ubuntu 24.04 LTS (Noble Numbat)",
      "version": "V1R1",
      "profiles": {
        "stig": {
          "legacy_id": "disa_stig"
        }
      },
      "description": "ComplianceAsCode implementation of STIG Ubuntu 24.04 LTS V1R1 benchmark.\n",
      "release_notes_url": "https://github.com/canonical/ubuntu-security-guide/",
      "reference_url": "https://public.cyber.mil/stigs/downloads/",
      "tailoring_version": 1,
      "benchmark_id": "ubuntu2404_STIG_1",
      "compatible_versions": [],
      "breaking_upgrade_path": [
        "V1R3"
      ],
      "is_latest": false,
      "release_timestamp": 4,
      "data_files": {
        "datastream_gz": {
          "path": "ubuntu2404_STIG_1/ssg-ubuntu2404-ds.xml.gz",
          "sha256": "501976f555746e204de66bf7b9ec722860d02771f5715163c1a49f0541dfa2d6",
          "sha256_orig": "d5698f5a7d570b9bd033215700a1f67543e6d2bf6bfd0822740b449f12325330"
        }
      },
      "tailoring_files": {
        "stig": {
          "path": "ubuntu2404_STIG_1/tailoring/stig-tailoring.xml",
          "sha256": "7f9d44a8e8765484e21f9fc800593b0d427f83d37674a443be5fb3e0e33e6531"
        }
      }
    },
    {
      "benchmark_type": "STIG",
      "product": "ubuntu2404",
      "product_long": "Ubuntu 24.04 LTS (Noble Numbat)",
      "version": "V1R3",
      "profiles": {
        "stig": {
          "legacy_id": "disa_stig"
        }
      },
      "description": "ComplianceAsCode implementation of STIG Ubuntu 24.04 LTS V1R3 benchmark.\n",
      "release_notes_url": "https://github.com/canonical/ubuntu-security-guide/",
      "reference_url": "https://public.cyber.mil/stigs/downloads/",
      "tailoring_version": 2,
      "benchmark_id": "ubuntu2404_STIG_2",
      "compatible_versions": [
        "V1R2"
      ],
      "breaking_upgrade_path": [],
      "is_latest": true,
      "release_timestamp": 5,
      "data_files": {
        "datastream_gz": {
          "path": "ubuntu2404_STIG_2/ssg-ubuntu2404-ds.xml.gz",
          "sha256": "501976f555746e204de66bf7b9ec722860d02771f5715163c1a49f0541dfa2d6",
          "sha256_orig": "d5698f5a7d570b9bd033215700a1f67543e6d2bf6bfd0822740b449f12325330"
        }
      },
      "tailoring_files": {
        "stig": {
          "path": "ubuntu2404_STIG_2/tailoring/stig-tailoring.xml",
          "sha256": "cc996240d5c16263a647a431ac8db0f5179cea8d93eb092e32fb3cbf2139ba38"
        }
      }
    }
  ]
}
