<?xml version='1.0' encoding='UTF-8'?>
<Tailoring xmlns="http://checklists.nist.gov/xccdf/1.2" id="xccdf_scap-workbench_tailoring_default">
  <benchmark href="/usr/share/usg-benchmarks/ubuntu2204_CIS_1"/>
  <version time="2025-09-19T09:44:09+00:00">1</version>
  <Profile id="xccdf_org.ssgproject.content_profile_cis_level2_server_customized" extends="xccdf_org.ssgproject.content_profile_cis_level2_server">
    <title xmlns:xhtml="http://www.w3.org/1999/xhtml" xml:lang="en-US" override="true">CIS Ubuntu 22.04 Level 2 Server Benchmark [CUSTOMIZED]</title>
    <description xmlns:xhtml="http://www.w3.org/1999/xhtml" xml:lang="en-US" override="true">This baseline aligns to the Center for Internet Security Ubuntu 22.04 LTS Benchmark, v1.0.0, released 08-30-2022.</description>
    <!--_Profile_Rules_And_Variables_: Profile rules and variables not belonging to a specific control-->
    <set-value idref="xccdf_org.ssgproject.content_value_var_apparmor_mode">enforce</set-value>
    <set-value idref="xccdf_org.ssgproject.content_value_var_auditd_max_log_file">6</set-value>
    <set-value idref="xccdf_org.ssgproject.content_value_var_auditd_max_log_file_action">keep_logs</set-value>
    <set-value idref="xccdf_org.ssgproject.content_value_var_auditd_space_left_action">email</set-value>
    <set-value idref="xccdf_org.ssgproject.content_value_var_auditd_action_mail_acct">root</set-value>
    <set-value idref="xccdf_org.ssgproject.content_value_var_auditd_admin_space_left_action">halt</set-value>
    <select idref="xccdf_org.ssgproject.content_rule_kernel_module_squashfs_disabled" selected="true"/>
    <select idref="xccdf_org.ssgproject.content_rule_kernel_module_udf_disabled" selected="true"/>
    <select idref="xccdf_org.ssgproject.content_rule_partition_for_var" selected="true"/>
    <select idref="xccdf_org.ssgproject.content_rule_partition_for_var_tmp" selected="true"/>
    <select idref="xccdf_org.ssgproject.content_rule_partition_for_var_log" selected="true"/>
    <select idref="xccdf_org.ssgproject.content_rule_partition_for_var_log_audit" selected="true"/>
    <select idref="xccdf_org.ssgproject.content_rule_partition_for_home" selected="true"/>
    <select idref="xccdf_org.ssgproject.content_rule_all_apparmor_profiles_enforced" selected="true"/>
    <select idref="xccdf_org.ssgproject.content_rule_package_gdm_removed" selected="true"/>
    <select idref="xccdf_org.ssgproject.content_rule_kernel_module_dccp_disabled" selected="true"/>
    <select idref="xccdf_org.ssgproject.content_rule_kernel_module_sctp_disabled" selected="true"/>
    <select idref="xccdf_org.ssgproject.content_rule_kernel_module_rds_disabled" selected="true"/>
    <select idref="xccdf_org.ssgproject.content_rule_kernel_module_tipc_disabled" selected="true"/>
    <select idref="xccdf_org.ssgproject.content_rule_package_audit_installed" selected="true"/>
    <select idref="xccdf_org.ssgproject.content_rule_service_auditd_enabled" selected="true"/>
    <select idref="xccdf_org.ssgproject.content_rule_grub2_audit_argument" selected="true"/>
    <select idref="xccdf_org.ssgproject.content_rule_zipl_audit_argument" selected="false"/>
    <select idref="xccdf_org.ssgproject.content_rule_grub2_audit_backlog_limit_argument" selected="true"/>
    <select idref="xccdf_org.ssgproject.content_rule_zipl_audit_backlog_limit_argument" selected="false"/>
    <select idref="xccdf_org.ssgproject.content_rule_auditd_data_retention_max_log_file" selected="true"/>
    <select idref="xccdf_org.ssgproject.content_rule_auditd_data_retention_max_log_file_action" selected="true"/>
    <select idref="xccdf_org.ssgproject.content_rule_auditd_data_retention_space_left_action" selected="true"/>
    <select idref="xccdf_org.ssgproject.content_rule_auditd_data_retention_action_mail_acct" selected="true"/>
    <select idref="xccdf_org.ssgproject.content_rule_auditd_data_retention_admin_space_left_action" selected="true"/>
    <select idref="xccdf_org.ssgproject.content_rule_audit_rules_sysadmin_actions" selected="true"/>
    <select idref="xccdf_org.ssgproject.content_rule_audit_rules_suid_privilege_function" selected="true"/>
    <select idref="xccdf_org.ssgproject.content_rule_audit_sudo_log_events" selected="true"/>
    <select idref="xccdf_org.ssgproject.content_rule_audit_rules_time_clock_settime" selected="true"/>
    <select idref="xccdf_org.ssgproject.content_rule_audit_rules_time_settimeofday" selected="true"/>
    <select idref="xccdf_org.ssgproject.content_rule_audit_rules_time_adjtimex" selected="true"/>
    <select idref="xccdf_org.ssgproject.content_rule_audit_rules_time_stime" selected="true"/>
    <select idref="xccdf_org.ssgproject.content_rule_audit_rules_time_watch_localtime" selected="true"/>
    <select idref="xccdf_org.ssgproject.content_rule_audit_rules_networkconfig_modification" selected="true"/>
    <select idref="xccdf_org.ssgproject.content_rule_audit_rules_privileged_commands_at" selected="true"/>
    <select idref="xccdf_org.ssgproject.content_rule_audit_rules_privileged_commands_chage" selected="true"/>
    <select idref="xccdf_org.ssgproject.content_rule_audit_rules_privileged_commands_chfn" selected="true"/>
    <select idref="xccdf_org.ssgproject.content_rule_audit_rules_privileged_commands_chsh" selected="true"/>
    <select idref="xccdf_org.ssgproject.content_rule_audit_rules_privileged_commands_crontab" selected="true"/>
    <select idref="xccdf_org.ssgproject.content_rule_audit_rules_privileged_commands_gpasswd" selected="true"/>
    <select idref="xccdf_org.ssgproject.content_rule_audit_rules_privileged_commands_mount" selected="true"/>
    <select idref="xccdf_org.ssgproject.content_rule_audit_rules_privileged_commands_newgidmap" selected="true"/>
    <select idref="xccdf_org.ssgproject.content_rule_audit_rules_privileged_commands_newgrp" selected="true"/>
    <select idref="xccdf_org.ssgproject.content_rule_audit_rules_privileged_commands_newuidmap" selected="true"/>
    <select idref="xccdf_org.ssgproject.content_rule_audit_rules_privileged_commands_postdrop" selected="true"/>
    <select idref="xccdf_org.ssgproject.content_rule_audit_rules_privileged_commands_postqueue" selected="true"/>
    <select idref="xccdf_org.ssgproject.content_rule_audit_rules_privileged_commands_ssh_agent" selected="true"/>
    <select idref="xccdf_org.ssgproject.content_rule_audit_rules_privileged_commands_ssh_keysign" selected="true"/>
    <select idref="xccdf_org.ssgproject.content_rule_audit_rules_privileged_commands_su" selected="true"/>
    <select idref="xccdf_org.ssgproject.content_rule_audit_rules_privileged_commands_sudo" selected="true"/>
    <select idref="xccdf_org.ssgproject.content_rule_audit_rules_privileged_commands_sudoedit" selected="true"/>
    <select idref="xccdf_org.ssgproject.content_rule_audit_rules_privileged_commands_umount" selected="true"/>
    <select idref="xccdf_org.ssgproject.content_rule_audit_rules_privileged_commands_unix_chkpwd" selected="true"/>
    <select idref="xccdf_org.ssgproject.content_rule_audit_rules_unsuccessful_file_modification_creat" selected="true"/>
    <select idref="xccdf_org.ssgproject.content_rule_audit_rules_unsuccessful_file_modification_open" selected="true"/>
    <select idref="xccdf_org.ssgproject.content_rule_audit_rules_unsuccessful_file_modification_openat" selected="true"/>
    <select idref="xccdf_org.ssgproject.content_rule_audit_rules_unsuccessful_file_modification_truncate" selected="true"/>
    <select idref="xccdf_org.ssgproject.content_rule_audit_rules_unsuccessful_file_modification_ftruncate" selected="true"/>
    <select idref="xccdf_org.ssgproject.content_rule_audit_rules_usergroup_modification_group" selected="true"/>
    <select idref="xccdf_org.ssgproject.content_rule_audit_rules_usergroup_modification_passwd" selected="true"/>
    <select idref="xccdf_org.ssgproject.content_rule_audit_rules_usergroup_modification_gshadow" selected="true"/>
    <select idref="xccdf_org.ssgproject.content_rule_audit_rules_usergroup_modification_shadow" selected="true"/>
    <select idref="xccdf_org.ssgproject.content_rule_audit_rules_usergroup_modification_opasswd" selected="true"/>
    <select idref="xccdf_org.ssgproject.content_rule_audit_rules_dac_modification_chmod" selected="true"/>
    <select idref="xccdf_org.ssgproject.content_rule_audit_rules_dac_modification_chown" selected="true"/>
    <select idref="xccdf_org.ssgproject.content_rule_audit_rules_dac_modification_fchmod" selected="true"/>
    <select idref="xccdf_org.ssgproject.content_rule_audit_rules_dac_modification_fchmodat" selected="true"/>
    <select idref="xccdf_org.ssgproject.content_rule_audit_rules_dac_modification_fchown" selected="true"/>
    <select idref="xccdf_org.ssgproject.content_rule_audit_rules_dac_modification_fchownat" selected="true"/>
    <select idref="xccdf_org.ssgproject.content_rule_audit_rules_dac_modification_fremovexattr" selected="true"/>
    <select idref="xccdf_org.ssgproject.content_rule_audit_rules_dac_modification_fsetxattr" selected="true"/>
    <select idref="xccdf_org.ssgproject.content_rule_audit_rules_dac_modification_lchown" selected="true"/>
    <select idref="xccdf_org.ssgproject.content_rule_audit_rules_dac_modification_lremovexattr" selected="true"/>
    <select idref="xccdf_org.ssgproject.content_rule_audit_rules_dac_modification_lsetxattr" selected="true"/>
    <select idref="xccdf_org.ssgproject.content_rule_audit_rules_dac_modification_removexattr" selected="true"/>
    <select idref="xccdf_org.ssgproject.content_rule_audit_rules_dac_modification_setxattr" selected="true"/>
    <select idref="xccdf_org.ssgproject.content_rule_audit_rules_media_export" selected="true"/>
    <select idref="xccdf_org.ssgproject.content_rule_audit_rules_session_events" selected="true"/>
    <select idref="xccdf_org.ssgproject.content_rule_audit_rules_login_events_faillog" selected="true"/>
    <select idref="xccdf_org.ssgproject.content_rule_audit_rules_login_events_lastlog" selected="true"/>
    <select idref="xccdf_org.ssgproject.content_rule_audit_rules_login_events_tallylog" selected="true"/>
    <select idref="xccdf_org.ssgproject.content_rule_audit_rules_file_deletion_events_rename" selected="true"/>
    <select idref="xccdf_org.ssgproject.content_rule_audit_rules_file_deletion_events_renameat" selected="true"/>
    <select idref="xccdf_org.ssgproject.content_rule_audit_rules_file_deletion_events_unlink" selected="true"/>
    <select idref="xccdf_org.ssgproject.content_rule_audit_rules_file_deletion_events_unlinkat" selected="true"/>
    <select idref="xccdf_org.ssgproject.content_rule_audit_rules_mac_modification" selected="true"/>
    <select idref="xccdf_org.ssgproject.content_rule_audit_rules_execution_chcon" selected="true"/>
    <select idref="xccdf_org.ssgproject.content_rule_audit_rules_execution_setfacl" selected="true"/>
    <select idref="xccdf_org.ssgproject.content_rule_audit_rules_execution_chacl" selected="true"/>
    <select idref="xccdf_org.ssgproject.content_rule_audit_rules_privileged_commands_usermod" selected="true"/>
    <select idref="xccdf_org.ssgproject.content_rule_audit_rules_kernel_module_loading_init" selected="true"/>
    <select idref="xccdf_org.ssgproject.content_rule_audit_rules_kernel_module_loading_delete" selected="true"/>
    <select idref="xccdf_org.ssgproject.content_rule_audit_rules_privileged_commands_modprobe" selected="true"/>
    <select idref="xccdf_org.ssgproject.content_rule_audit_rules_privileged_commands_insmod" selected="true"/>
    <select idref="xccdf_org.ssgproject.content_rule_audit_rules_privileged_commands_rmmod" selected="true"/>
    <select idref="xccdf_org.ssgproject.content_rule_audit_rules_immutable" selected="true"/>
    <select idref="xccdf_org.ssgproject.content_rule_sshd_disable_x11_forwarding" selected="true"/>
    <select idref="xccdf_org.ssgproject.content_rule_sshd_disable_tcp_forwarding" selected="true"/>
    <select idref="xccdf_org.ssgproject.content_rule_sudo_require_authentication" selected="true"/>
  </Profile>
</Tailoring>
