<?xml version='1.0' encoding='UTF-8'?>
<Tailoring xmlns="http://checklists.nist.gov/xccdf/1.2" id="xccdf_scap-workbench_tailoring_default">
  <benchmark href="/usr/share/usg-benchmarks/ubuntu2204_CIS_1"/>
  <version time="2025-10-08T21:08:39+00:00">1</version>
  <Profile id="xccdf_org.ssgproject.content_profile_cis_level1_server_customized" extends="xccdf_org.ssgproject.content_profile_cis_level1_server">
    <title xmlns:xhtml="http://www.w3.org/1999/xhtml" xml:lang="en-US" override="true">CIS Ubuntu 22.04 Level 1 Server Benchmark [CUSTOMIZED]</title>
    <description xmlns:xhtml="http://www.w3.org/1999/xhtml" xml:lang="en-US" override="true">This baseline aligns to the Center for Internet Security Ubuntu 22.04 LTS Benchmark, v1.0.0, released 08-30-2022.</description>
    <!--_Profile_Rules_And_Variables_: Profile rules and variables not belonging to a specific control-->
    <set-value idref="xccdf_org.ssgproject.content_value_var_apparmor_mode">enforce</set-value>
    <set-value idref="xccdf_org.ssgproject.content_value_login_banner_text">^Authorized[\s\n]+uses[\s\n]+only\.[\s\n]+All[\s\n]+activity[\s\n]+may[\s\n]+be[\s\n]+monitored[\s\n]+and[\s\n]+reported\.$</set-value>
    <set-value idref="xccdf_org.ssgproject.content_value_var_postfix_inet_interfaces">loopback-only</set-value>
    <set-value idref="xccdf_org.ssgproject.content_value_var_nftables_family">inet</set-value>
    <set-value idref="xccdf_org.ssgproject.content_value_var_nftables_table">filter</set-value>
    <set-value idref="xccdf_org.ssgproject.content_value_var_nftables_base_chain_names">input,forward,output</set-value>
    <set-value idref="xccdf_org.ssgproject.content_value_var_nftables_base_chain_types">filter,filter,filter</set-value>
    <set-value idref="xccdf_org.ssgproject.content_value_var_nftables_base_chain_hooks">input,forward,output</set-value>
    <set-value idref="xccdf_org.ssgproject.content_value_var_nftables_base_chain_priorities">0,0,0</set-value>
    <set-value idref="xccdf_org.ssgproject.content_value_var_nftables_base_chain_policies">accept,accept,accept</set-value>
    <set-value idref="xccdf_org.ssgproject.content_value_var_nftable_master_config_file">/etc/nftables.conf</set-value>
    <set-value idref="xccdf_org.ssgproject.content_value_sshd_strong_kex">ecdh-sha2-nistp256,ecdh-sha2-nistp384,ecdh-sha2-nistp521,diffie-hellman-group-exchange-sha256,diffie-hellman-group16-sha512,diffie-hellman-group18-sha512,diffie-hellman-group14-sha256</set-value>
    <set-value idref="xccdf_org.ssgproject.content_value_sshd_max_auth_tries_value">4</set-value>
    <set-value idref="xccdf_org.ssgproject.content_value_var_sshd_set_maxstartups">10:30:60</set-value>
    <set-value idref="xccdf_org.ssgproject.content_value_var_sshd_max_sessions">10</set-value>
    <set-value idref="xccdf_org.ssgproject.content_value_var_sshd_set_login_grace_time">60</set-value>
    <set-value idref="xccdf_org.ssgproject.content_value_sshd_idle_timeout_value">300</set-value>
    <set-value idref="xccdf_org.ssgproject.content_value_var_sshd_set_keepalive">3</set-value>
    <set-value idref="xccdf_org.ssgproject.content_value_var_sudo_timestamp_timeout">15</set-value>
    <set-value idref="xccdf_org.ssgproject.content_value_var_pam_wheel_group_for_su">sugroup</set-value>
    <set-value idref="xccdf_org.ssgproject.content_value_var_password_pam_minlen">14</set-value>
    <set-value idref="xccdf_org.ssgproject.content_value_var_password_pam_minclass">4</set-value>
    <set-value idref="xccdf_org.ssgproject.content_value_var_password_pam_dcredit">-1</set-value>
    <set-value idref="xccdf_org.ssgproject.content_value_var_password_pam_ucredit">-1</set-value>
    <set-value idref="xccdf_org.ssgproject.content_value_var_password_pam_ocredit">-1</set-value>
    <set-value idref="xccdf_org.ssgproject.content_value_var_password_pam_lcredit">-1</set-value>
    <set-value idref="xccdf_org.ssgproject.content_value_var_password_pam_retry">3</set-value>
    <set-value idref="xccdf_org.ssgproject.content_value_var_accounts_passwords_pam_faillock_deny">4</set-value>
    <set-value idref="xccdf_org.ssgproject.content_value_var_accounts_passwords_pam_faillock_fail_interval">900</set-value>
    <set-value idref="xccdf_org.ssgproject.content_value_var_accounts_passwords_pam_faillock_unlock_time">600</set-value>
    <set-value idref="xccdf_org.ssgproject.content_value_var_password_pam_unix_remember">5</set-value>
    <set-value idref="xccdf_org.ssgproject.content_value_var_password_hashing_algorithm">yescrypt</set-value>
    <set-value idref="xccdf_org.ssgproject.content_value_var_accounts_minimum_age_login_defs">1</set-value>
    <set-value idref="xccdf_org.ssgproject.content_value_var_accounts_maximum_age_login_defs">365</set-value>
    <set-value idref="xccdf_org.ssgproject.content_value_var_accounts_password_warn_age_login_defs">7</set-value>
    <set-value idref="xccdf_org.ssgproject.content_value_var_account_disable_post_pw_expiration">30</set-value>
    <set-value idref="xccdf_org.ssgproject.content_value_var_accounts_user_umask">027</set-value>
    <set-value idref="xccdf_org.ssgproject.content_value_var_accounts_tmout">900</set-value>
    <select idref="xccdf_org.ssgproject.content_rule_kernel_module_cramfs_disabled" selected="true"/>
    <select idref="xccdf_org.ssgproject.content_rule_partition_for_tmp" selected="true"/>
    <select idref="xccdf_org.ssgproject.content_rule_mount_option_tmp_nodev" selected="true"/>
    <select idref="xccdf_org.ssgproject.content_rule_mount_option_tmp_noexec" selected="true"/>
    <select idref="xccdf_org.ssgproject.content_rule_mount_option_tmp_nosuid" selected="true"/>
    <select idref="xccdf_org.ssgproject.content_rule_mount_option_var_nodev" selected="true"/>
    <select idref="xccdf_org.ssgproject.content_rule_mount_option_var_nosuid" selected="true"/>
    <select idref="xccdf_org.ssgproject.content_rule_mount_option_var_tmp_noexec" selected="true"/>
    <select idref="xccdf_org.ssgproject.content_rule_mount_option_var_tmp_nosuid" selected="true"/>
    <select idref="xccdf_org.ssgproject.content_rule_mount_option_var_tmp_nodev" selected="true"/>
    <select idref="xccdf_org.ssgproject.content_rule_mount_option_var_log_nodev" selected="true"/>
    <select idref="xccdf_org.ssgproject.content_rule_mount_option_var_log_noexec" selected="true"/>
    <select idref="xccdf_org.ssgproject.content_rule_mount_option_var_log_nosuid" selected="true"/>
    <select idref="xccdf_org.ssgproject.content_rule_mount_option_var_log_audit_noexec" selected="true"/>
    <select idref="xccdf_org.ssgproject.content_rule_mount_option_var_log_audit_nodev" selected="true"/>
    <select idref="xccdf_org.ssgproject.content_rule_mount_option_var_log_audit_nosuid" selected="true"/>
    <select idref="xccdf_org.ssgproject.content_rule_mount_option_home_nodev" selected="true"/>
    <select idref="xccdf_org.ssgproject.content_rule_mount_option_home_nosuid" selected="true"/>
    <select idref="xccdf_org.ssgproject.content_rule_mount_option_dev_shm_nodev" selected="true"/>
    <select idref="xccdf_org.ssgproject.content_rule_mount_option_dev_shm_noexec" selected="true"/>
    <select idref="xccdf_org.ssgproject.content_rule_mount_option_dev_shm_nosuid" selected="true"/>
    <select idref="xccdf_org.ssgproject.content_rule_service_autofs_disabled" selected="true"/>
    <select idref="xccdf_org.ssgproject.content_rule_kernel_module_usb-storage_disabled" selected="true"/>
    <select idref="xccdf_org.ssgproject.content_rule_package_aide_installed" selected="true"/>
    <select idref="xccdf_org.ssgproject.content_rule_aide_build_database" selected="true"/>
    <select idref="xccdf_org.ssgproject.content_rule_aide_periodic_cron_checking" selected="true"/>
    <select idref="xccdf_org.ssgproject.content_rule_grub2_password" selected="true"/>
    <select idref="xccdf_org.ssgproject.content_rule_grub2_uefi_password" selected="true"/>
    <select idref="xccdf_org.ssgproject.content_rule_file_owner_grub2_cfg" selected="true"/>
    <select idref="xccdf_org.ssgproject.content_rule_file_permissions_grub2_cfg" selected="true"/>
    <select idref="xccdf_org.ssgproject.content_rule_ensure_root_password_configured" selected="true"/>
    <select idref="xccdf_org.ssgproject.content_rule_sysctl_kernel_randomize_va_space" selected="true"/>
    <select idref="xccdf_org.ssgproject.content_rule_package_prelink_removed" selected="true"/>
    <select idref="xccdf_org.ssgproject.content_rule_service_apport_disabled" selected="true"/>
    <select idref="xccdf_org.ssgproject.content_rule_disable_users_coredumps" selected="true"/>
    <select idref="xccdf_org.ssgproject.content_rule_sysctl_fs_suid_dumpable" selected="true"/>
    <select idref="xccdf_org.ssgproject.content_rule_package_apparmor_installed" selected="true"/>
    <select idref="xccdf_org.ssgproject.content_rule_grub2_enable_apparmor" selected="true"/>
    <select idref="xccdf_org.ssgproject.content_rule_all_apparmor_profiles_in_enforce_complain_mode" selected="true"/>
    <select idref="xccdf_org.ssgproject.content_rule_banner_etc_motd" selected="true"/>
    <select idref="xccdf_org.ssgproject.content_rule_banner_etc_issue" selected="true"/>
    <select idref="xccdf_org.ssgproject.content_rule_banner_etc_issue_net" selected="true"/>
    <select idref="xccdf_org.ssgproject.content_rule_file_permissions_etc_motd" selected="true"/>
    <select idref="xccdf_org.ssgproject.content_rule_file_owner_etc_motd" selected="true"/>
    <select idref="xccdf_org.ssgproject.content_rule_file_groupowner_etc_motd" selected="true"/>
    <select idref="xccdf_org.ssgproject.content_rule_file_permissions_etc_issue" selected="true"/>
    <select idref="xccdf_org.ssgproject.content_rule_file_owner_etc_issue" selected="true"/>
    <select idref="xccdf_org.ssgproject.content_rule_file_groupowner_etc_issue" selected="true"/>
    <select idref="xccdf_org.ssgproject.content_rule_file_permissions_etc_issue_net" selected="true"/>
    <select idref="xccdf_org.ssgproject.content_rule_file_owner_etc_issue_net" selected="true"/>
    <select idref="xccdf_org.ssgproject.content_rule_file_groupowner_etc_issue_net" selected="true"/>
    <select idref="xccdf_org.ssgproject.content_rule_enable_dconf_user_profile" selected="true"/>
    <select idref="xccdf_org.ssgproject.content_rule_dconf_gnome_banner_enabled" selected="true"/>
    <select idref="xccdf_org.ssgproject.content_rule_dconf_gnome_login_banner_text" selected="true"/>
    <select idref="xccdf_org.ssgproject.content_rule_dconf_gnome_disable_user_list" selected="true"/>
    <select idref="xccdf_org.ssgproject.content_rule_dconf_gnome_screensaver_lock_enabled" selected="true"/>
    <select idref="xccdf_org.ssgproject.content_rule_dconf_gnome_screensaver_lock_delay" selected="true"/>
    <select idref="xccdf_org.ssgproject.content_rule_dconf_gnome_disable_automount" selected="true"/>
    <select idref="xccdf_org.ssgproject.content_rule_dconf_gnome_disable_automount_open" selected="true"/>
    <select idref="xccdf_org.ssgproject.content_rule_dconf_gnome_disable_autorun" selected="true"/>
    <select idref="xccdf_org.ssgproject.content_rule_gnome_gdm_disable_xdmcp" selected="true"/>
    <select idref="xccdf_org.ssgproject.content_rule_package_chrony_installed" selected="false"/>
    <select idref="xccdf_org.ssgproject.content_rule_package_ntp_installed" selected="false"/>
    <select idref="xccdf_org.ssgproject.content_rule_package_timesyncd_installed" selected="true"/>
    <select idref="xccdf_org.ssgproject.content_rule_chronyd_run_as_chrony_user" selected="true"/>
    <select idref="xccdf_org.ssgproject.content_rule_service_chronyd_enabled" selected="true"/>
    <select idref="xccdf_org.ssgproject.content_rule_service_timesyncd_enabled" selected="true"/>
    <select idref="xccdf_org.ssgproject.content_rule_ntpd_configure_restrictions" selected="true"/>
    <select idref="xccdf_org.ssgproject.content_rule_ntpd_run_as_ntp_user" selected="true"/>
    <select idref="xccdf_org.ssgproject.content_rule_service_ntp_enabled" selected="true"/>
    <select idref="xccdf_org.ssgproject.content_rule_package_xorg-x11-server-common_removed" selected="true"/>
    <select idref="xccdf_org.ssgproject.content_rule_service_avahi-daemon_disabled" selected="true"/>
    <select idref="xccdf_org.ssgproject.content_rule_package_avahi_removed" selected="true"/>
    <select idref="xccdf_org.ssgproject.content_rule_service_cups_disabled" selected="true"/>
    <select idref="xccdf_org.ssgproject.content_rule_package_cups_removed" selected="true"/>
    <select idref="xccdf_org.ssgproject.content_rule_package_dhcp_removed" selected="true"/>
    <select idref="xccdf_org.ssgproject.content_rule_package_openldap-servers_removed" selected="true"/>
    <select idref="xccdf_org.ssgproject.content_rule_package_nfs-kernel-server_removed" selected="true"/>
    <select idref="xccdf_org.ssgproject.content_rule_package_bind_removed" selected="true"/>
    <select idref="xccdf_org.ssgproject.content_rule_package_vsftpd_removed" selected="true"/>
    <select idref="xccdf_org.ssgproject.content_rule_package_httpd_removed" selected="true"/>
    <select idref="xccdf_org.ssgproject.content_rule_package_nginx_removed" selected="true"/>
    <select idref="xccdf_org.ssgproject.content_rule_package_dovecot_removed" selected="true"/>
    <select idref="xccdf_org.ssgproject.content_rule_package_cyrus-imapd_removed" selected="true"/>
    <select idref="xccdf_org.ssgproject.content_rule_package_samba_removed" selected="true"/>
    <select idref="xccdf_org.ssgproject.content_rule_package_squid_removed" selected="true"/>
    <select idref="xccdf_org.ssgproject.content_rule_package_net-snmp_removed" selected="true"/>
    <select idref="xccdf_org.ssgproject.content_rule_package_nis_removed" selected="true"/>
    <select idref="xccdf_org.ssgproject.content_rule_postfix_network_listening_disabled" selected="true"/>
    <select idref="xccdf_org.ssgproject.content_rule_has_nonlocal_mta" selected="true"/>
    <select idref="xccdf_org.ssgproject.content_rule_package_rsync_removed" selected="true"/>
    <select idref="xccdf_org.ssgproject.content_rule_package_rsh_removed" selected="true"/>
    <select idref="xccdf_org.ssgproject.content_rule_package_talk_removed" selected="true"/>
    <select idref="xccdf_org.ssgproject.content_rule_package_telnet_removed" selected="true"/>
    <select idref="xccdf_org.ssgproject.content_rule_package_openldap-clients_removed" selected="true"/>
    <select idref="xccdf_org.ssgproject.content_rule_package_rpcbind_removed" selected="true"/>
    <select idref="xccdf_org.ssgproject.content_rule_wireless_disable_interfaces" selected="true"/>
    <select idref="xccdf_org.ssgproject.content_rule_sysctl_net_ipv4_conf_all_send_redirects" selected="true"/>
    <select idref="xccdf_org.ssgproject.content_rule_sysctl_net_ipv4_conf_default_send_redirects" selected="true"/>
    <select idref="xccdf_org.ssgproject.content_rule_sysctl_net_ipv4_ip_forward" selected="true"/>
    <select idref="xccdf_org.ssgproject.content_rule_sysctl_net_ipv6_conf_all_forwarding" selected="true"/>
    <select idref="xccdf_org.ssgproject.content_rule_sysctl_net_ipv4_conf_all_accept_source_route" selected="true"/>
    <select idref="xccdf_org.ssgproject.content_rule_sysctl_net_ipv4_conf_default_accept_source_route" selected="true"/>
    <select idref="xccdf_org.ssgproject.content_rule_sysctl_net_ipv6_conf_all_accept_source_route" selected="true"/>
    <select idref="xccdf_org.ssgproject.content_rule_sysctl_net_ipv6_conf_default_accept_source_route" selected="true"/>
    <select idref="xccdf_org.ssgproject.content_rule_sysctl_net_ipv4_conf_all_accept_redirects" selected="true"/>
    <select idref="xccdf_org.ssgproject.content_rule_sysctl_net_ipv4_conf_default_accept_redirects" selected="true"/>
    <select idref="xccdf_org.ssgproject.content_rule_sysctl_net_ipv6_conf_all_accept_redirects" selected="true"/>
    <select idref="xccdf_org.ssgproject.content_rule_sysctl_net_ipv6_conf_default_accept_redirects" selected="true"/>
    <select idref="xccdf_org.ssgproject.content_rule_sysctl_net_ipv4_conf_all_secure_redirects" selected="true"/>
    <select idref="xccdf_org.ssgproject.content_rule_sysctl_net_ipv4_conf_default_secure_redirects" selected="true"/>
    <select idref="xccdf_org.ssgproject.content_rule_sysctl_net_ipv4_conf_all_log_martians" selected="true"/>
    <select idref="xccdf_org.ssgproject.content_rule_sysctl_net_ipv4_conf_default_log_martians" selected="true"/>
    <select idref="xccdf_org.ssgproject.content_rule_sysctl_net_ipv4_icmp_echo_ignore_broadcasts" selected="true"/>
    <select idref="xccdf_org.ssgproject.content_rule_sysctl_net_ipv4_icmp_ignore_bogus_error_responses" selected="true"/>
    <select idref="xccdf_org.ssgproject.content_rule_sysctl_net_ipv4_conf_all_rp_filter" selected="true"/>
    <select idref="xccdf_org.ssgproject.content_rule_sysctl_net_ipv4_conf_default_rp_filter" selected="true"/>
    <select idref="xccdf_org.ssgproject.content_rule_sysctl_net_ipv4_tcp_syncookies" selected="true"/>
    <select idref="xccdf_org.ssgproject.content_rule_sysctl_net_ipv6_conf_all_accept_ra" selected="true"/>
    <select idref="xccdf_org.ssgproject.content_rule_sysctl_net_ipv6_conf_default_accept_ra" selected="true"/>
    <select idref="xccdf_org.ssgproject.content_rule_package_ufw_installed" selected="false"/>
    <select idref="xccdf_org.ssgproject.content_rule_package_iptables-persistent_removed" selected="true"/>
    <select idref="xccdf_org.ssgproject.content_rule_service_ufw_enabled" selected="true"/>
    <select idref="xccdf_org.ssgproject.content_rule_set_ufw_loopback_traffic" selected="true"/>
    <select idref="xccdf_org.ssgproject.content_rule_ufw_rules_for_open_ports" selected="true"/>
    <select idref="xccdf_org.ssgproject.content_rule_set_ufw_default_rule" selected="true"/>
    <select idref="xccdf_org.ssgproject.content_rule_package_nftables_installed" selected="true"/>
    <select idref="xccdf_org.ssgproject.content_rule_package_ufw_removed" selected="true"/>
    <select idref="xccdf_org.ssgproject.content_rule_set_nftables_table" selected="true"/>
    <select idref="xccdf_org.ssgproject.content_rule_set_nftables_base_chain" selected="true"/>
    <select idref="xccdf_org.ssgproject.content_rule_set_nftables_loopback_traffic" selected="true"/>
    <select idref="xccdf_org.ssgproject.content_rule_nftables_ensure_default_deny_policy" selected="true"/>
    <select idref="xccdf_org.ssgproject.content_rule_service_nftables_enabled" selected="true"/>
    <select idref="xccdf_org.ssgproject.content_rule_nftables_rules_permanent" selected="true"/>
    <select idref="xccdf_org.ssgproject.content_rule_package_iptables_installed" selected="true"/>
    <select idref="xccdf_org.ssgproject.content_rule_package_iptables-persistent_installed" selected="false"/>
    <select idref="xccdf_org.ssgproject.content_rule_service_nftables_disabled" selected="false"/>
    <select idref="xccdf_org.ssgproject.content_rule_package_nftables_removed" selected="false"/>
    <select idref="xccdf_org.ssgproject.content_rule_set_iptables_default_rule" selected="true"/>
    <select idref="xccdf_org.ssgproject.content_rule_set_loopback_traffic" selected="true"/>
    <select idref="xccdf_org.ssgproject.content_rule_iptables_rules_for_open_ports" selected="true"/>
    <select idref="xccdf_org.ssgproject.content_rule_set_ip6tables_default_rule" selected="true"/>
    <select idref="xccdf_org.ssgproject.content_rule_set_ipv6_loopback_traffic" selected="true"/>
    <select idref="xccdf_org.ssgproject.content_rule_ip6tables_rules_for_open_ports" selected="true"/>
    <select idref="xccdf_org.ssgproject.content_rule_file_permissions_var_log_audit" selected="true"/>
    <select idref="xccdf_org.ssgproject.content_rule_file_ownership_var_log_audit_stig" selected="true"/>
    <select idref="xccdf_org.ssgproject.content_rule_file_group_ownership_var_log_audit" selected="true"/>
    <select idref="xccdf_org.ssgproject.content_rule_directory_permissions_var_log_audit" selected="true"/>
    <select idref="xccdf_org.ssgproject.content_rule_file_permissions_etc_audit_rulesd" selected="true"/>
    <select idref="xccdf_org.ssgproject.content_rule_file_permissions_etc_audit_auditd" selected="true"/>
    <select idref="xccdf_org.ssgproject.content_rule_file_ownership_audit_configuration" selected="true"/>
    <select idref="xccdf_org.ssgproject.content_rule_file_groupownership_audit_configuration" selected="true"/>
    <select idref="xccdf_org.ssgproject.content_rule_file_permissions_audit_binaries" selected="true"/>
    <select idref="xccdf_org.ssgproject.content_rule_file_ownership_audit_binaries" selected="true"/>
    <select idref="xccdf_org.ssgproject.content_rule_file_groupownership_audit_binaries" selected="true"/>
    <select idref="xccdf_org.ssgproject.content_rule_aide_check_audit_tools" selected="true"/>
    <select idref="xccdf_org.ssgproject.content_rule_package_systemd-journal-remote_installed" selected="true"/>
    <select idref="xccdf_org.ssgproject.content_rule_socket_systemd-journal-remote_disabled" selected="true"/>
    <select idref="xccdf_org.ssgproject.content_rule_service_systemd-journald_enabled" selected="true"/>
    <select idref="xccdf_org.ssgproject.content_rule_journald_compress" selected="true"/>
    <select idref="xccdf_org.ssgproject.content_rule_journald_storage" selected="true"/>
    <select idref="xccdf_org.ssgproject.content_rule_package_rsyslog_installed" selected="true"/>
    <select idref="xccdf_org.ssgproject.content_rule_service_rsyslog_enabled" selected="true"/>
    <select idref="xccdf_org.ssgproject.content_rule_rsyslog_filecreatemode" selected="true"/>
    <select idref="xccdf_org.ssgproject.content_rule_rsyslog_remote_loghost" selected="true"/>
    <select idref="xccdf_org.ssgproject.content_rule_rsyslog_nolisten" selected="true"/>
    <select idref="xccdf_org.ssgproject.content_rule_permissions_local_var_log" selected="true"/>
    <select idref="xccdf_org.ssgproject.content_rule_service_cron_enabled" selected="true"/>
    <select idref="xccdf_org.ssgproject.content_rule_file_permissions_crontab" selected="true"/>
    <select idref="xccdf_org.ssgproject.content_rule_file_owner_crontab" selected="true"/>
    <select idref="xccdf_org.ssgproject.content_rule_file_groupowner_crontab" selected="true"/>
    <select idref="xccdf_org.ssgproject.content_rule_file_permissions_cron_hourly" selected="true"/>
    <select idref="xccdf_org.ssgproject.content_rule_file_owner_cron_hourly" selected="true"/>
    <select idref="xccdf_org.ssgproject.content_rule_file_groupowner_cron_hourly" selected="true"/>
    <select idref="xccdf_org.ssgproject.content_rule_file_permissions_cron_daily" selected="true"/>
    <select idref="xccdf_org.ssgproject.content_rule_file_owner_cron_daily" selected="true"/>
    <select idref="xccdf_org.ssgproject.content_rule_file_groupowner_cron_daily" selected="true"/>
    <select idref="xccdf_org.ssgproject.content_rule_file_permissions_cron_weekly" selected="true"/>
    <select idref="xccdf_org.ssgproject.content_rule_file_owner_cron_weekly" selected="true"/>
    <select idref="xccdf_org.ssgproject.content_rule_file_groupowner_cron_weekly" selected="true"/>
    <select idref="xccdf_org.ssgproject.content_rule_file_permissions_cron_monthly" selected="true"/>
    <select idref="xccdf_org.ssgproject.content_rule_file_owner_cron_monthly" selected="true"/>
    <select idref="xccdf_org.ssgproject.content_rule_file_groupowner_cron_monthly" selected="true"/>
    <select idref="xccdf_org.ssgproject.content_rule_file_permissions_cron_d" selected="true"/>
    <select idref="xccdf_org.ssgproject.content_rule_file_owner_cron_d" selected="true"/>
    <select idref="xccdf_org.ssgproject.content_rule_file_groupowner_cron_d" selected="true"/>
    <select idref="xccdf_org.ssgproject.content_rule_file_cron_deny_not_exist" selected="true"/>
    <select idref="xccdf_org.ssgproject.content_rule_file_permissions_cron_allow" selected="true"/>
    <select idref="xccdf_org.ssgproject.content_rule_file_owner_cron_allow" selected="true"/>
    <select idref="xccdf_org.ssgproject.content_rule_file_groupowner_cron_allow" selected="true"/>
    <select idref="xccdf_org.ssgproject.content_rule_file_at_deny_not_exist" selected="true"/>
    <select idref="xccdf_org.ssgproject.content_rule_file_permissions_at_allow" selected="true"/>
    <select idref="xccdf_org.ssgproject.content_rule_file_owner_at_allow" selected="true"/>
    <select idref="xccdf_org.ssgproject.content_rule_file_groupowner_at_allow" selected="true"/>
    <select idref="xccdf_org.ssgproject.content_rule_file_permissions_sshd_config" selected="true"/>
    <select idref="xccdf_org.ssgproject.content_rule_file_owner_sshd_config" selected="true"/>
    <select idref="xccdf_org.ssgproject.content_rule_file_groupowner_sshd_config" selected="true"/>
    <select idref="xccdf_org.ssgproject.content_rule_file_permissions_sshd_private_key" selected="true"/>
    <select idref="xccdf_org.ssgproject.content_rule_file_permissions_sshd_pub_key" selected="true"/>
    <select idref="xccdf_org.ssgproject.content_rule_sshd_limit_user_access" selected="true"/>
    <select idref="xccdf_org.ssgproject.content_rule_sshd_set_loglevel_info" selected="true"/>
    <select idref="xccdf_org.ssgproject.content_rule_sshd_enable_pam" selected="true"/>
    <select idref="xccdf_org.ssgproject.content_rule_sshd_disable_root_login" selected="true"/>
    <select idref="xccdf_org.ssgproject.content_rule_disable_host_auth" selected="true"/>
    <select idref="xccdf_org.ssgproject.content_rule_sshd_disable_empty_passwords" selected="true"/>
    <select idref="xccdf_org.ssgproject.content_rule_sshd_do_not_permit_user_env" selected="true"/>
    <select idref="xccdf_org.ssgproject.content_rule_sshd_disable_rhosts" selected="true"/>
    <select idref="xccdf_org.ssgproject.content_rule_sshd_use_strong_ciphers" selected="true"/>
    <select idref="xccdf_org.ssgproject.content_rule_sshd_use_strong_macs" selected="true"/>
    <select idref="xccdf_org.ssgproject.content_rule_sshd_use_strong_kex" selected="true"/>
    <select idref="xccdf_org.ssgproject.content_rule_sshd_enable_warning_banner_net" selected="true"/>
    <select idref="xccdf_org.ssgproject.content_rule_sshd_set_max_auth_tries" selected="true"/>
    <select idref="xccdf_org.ssgproject.content_rule_sshd_set_maxstartups" selected="true"/>
    <select idref="xccdf_org.ssgproject.content_rule_sshd_set_max_sessions" selected="true"/>
    <select idref="xccdf_org.ssgproject.content_rule_sshd_set_login_grace_time" selected="true"/>
    <select idref="xccdf_org.ssgproject.content_rule_sshd_set_idle_timeout" selected="true"/>
    <select idref="xccdf_org.ssgproject.content_rule_sshd_set_keepalive" selected="true"/>
    <select idref="xccdf_org.ssgproject.content_rule_package_sudo_installed" selected="true"/>
    <select idref="xccdf_org.ssgproject.content_rule_sudo_add_use_pty" selected="true"/>
    <select idref="xccdf_org.ssgproject.content_rule_sudo_custom_logfile" selected="true"/>
    <select idref="xccdf_org.ssgproject.content_rule_sudo_remove_no_authenticate" selected="true"/>
    <select idref="xccdf_org.ssgproject.content_rule_sudo_require_reauthentication" selected="true"/>
    <select idref="xccdf_org.ssgproject.content_rule_use_pam_wheel_group_for_su" selected="true"/>
    <select idref="xccdf_org.ssgproject.content_rule_ensure_pam_wheel_group_empty" selected="true"/>
    <select idref="xccdf_org.ssgproject.content_rule_package_pam_pwquality_installed" selected="true"/>
    <select idref="xccdf_org.ssgproject.content_rule_accounts_password_pam_minlen" selected="true"/>
    <select idref="xccdf_org.ssgproject.content_rule_accounts_password_pam_minclass" selected="true"/>
    <select idref="xccdf_org.ssgproject.content_rule_accounts_password_pam_dcredit" selected="true"/>
    <select idref="xccdf_org.ssgproject.content_rule_accounts_password_pam_ucredit" selected="true"/>
    <select idref="xccdf_org.ssgproject.content_rule_accounts_password_pam_ocredit" selected="true"/>
    <select idref="xccdf_org.ssgproject.content_rule_accounts_password_pam_lcredit" selected="true"/>
    <select idref="xccdf_org.ssgproject.content_rule_accounts_password_pam_retry" selected="true"/>
    <select idref="xccdf_org.ssgproject.content_rule_accounts_passwords_pam_faillock_deny" selected="true"/>
    <select idref="xccdf_org.ssgproject.content_rule_accounts_passwords_pam_faillock_interval" selected="true"/>
    <select idref="xccdf_org.ssgproject.content_rule_accounts_passwords_pam_faillock_unlock_time" selected="true"/>
    <select idref="xccdf_org.ssgproject.content_rule_accounts_password_pam_unix_remember" selected="true"/>
    <select idref="xccdf_org.ssgproject.content_rule_set_password_hashing_algorithm_logindefs" selected="true"/>
    <select idref="xccdf_org.ssgproject.content_rule_accounts_minimum_age_login_defs" selected="true"/>
    <select idref="xccdf_org.ssgproject.content_rule_accounts_password_set_min_life_existing" selected="true"/>
    <select idref="xccdf_org.ssgproject.content_rule_accounts_maximum_age_login_defs" selected="true"/>
    <select idref="xccdf_org.ssgproject.content_rule_accounts_password_set_max_life_existing" selected="true"/>
    <select idref="xccdf_org.ssgproject.content_rule_accounts_password_warn_age_login_defs" selected="true"/>
    <select idref="xccdf_org.ssgproject.content_rule_account_disable_post_pw_expiration" selected="true"/>
    <select idref="xccdf_org.ssgproject.content_rule_accounts_password_last_change_is_in_past" selected="true"/>
    <select idref="xccdf_org.ssgproject.content_rule_no_shelllogin_for_systemaccounts" selected="true"/>
    <select idref="xccdf_org.ssgproject.content_rule_accounts_root_gid_zero" selected="true"/>
    <select idref="xccdf_org.ssgproject.content_rule_accounts_umask_etc_login_defs" selected="true"/>
    <select idref="xccdf_org.ssgproject.content_rule_accounts_umask_etc_profile" selected="true"/>
    <select idref="xccdf_org.ssgproject.content_rule_accounts_umask_etc_bashrc" selected="true"/>
    <select idref="xccdf_org.ssgproject.content_rule_accounts_umask_interactive_users" selected="true"/>
    <select idref="xccdf_org.ssgproject.content_rule_accounts_tmout" selected="true"/>
    <select idref="xccdf_org.ssgproject.content_rule_file_permissions_etc_passwd" selected="true"/>
    <select idref="xccdf_org.ssgproject.content_rule_file_owner_etc_passwd" selected="true"/>
    <select idref="xccdf_org.ssgproject.content_rule_file_groupowner_etc_passwd" selected="true"/>
    <select idref="xccdf_org.ssgproject.content_rule_file_permissions_backup_etc_passwd" selected="true"/>
    <select idref="xccdf_org.ssgproject.content_rule_file_owner_backup_etc_passwd" selected="true"/>
    <select idref="xccdf_org.ssgproject.content_rule_file_groupowner_backup_etc_passwd" selected="true"/>
    <select idref="xccdf_org.ssgproject.content_rule_file_permissions_etc_group" selected="true"/>
    <select idref="xccdf_org.ssgproject.content_rule_file_owner_etc_group" selected="true"/>
    <select idref="xccdf_org.ssgproject.content_rule_file_groupowner_etc_group" selected="true"/>
    <select idref="xccdf_org.ssgproject.content_rule_file_permissions_backup_etc_group" selected="true"/>
    <select idref="xccdf_org.ssgproject.content_rule_file_owner_backup_etc_group" selected="true"/>
    <select idref="xccdf_org.ssgproject.content_rule_file_groupowner_backup_etc_group" selected="true"/>
    <select idref="xccdf_org.ssgproject.content_rule_file_permissions_etc_shadow" selected="true"/>
    <select idref="xccdf_org.ssgproject.content_rule_file_owner_etc_shadow" selected="true"/>
    <select idref="xccdf_org.ssgproject.content_rule_file_groupowner_etc_shadow" selected="true"/>
    <select idref="xccdf_org.ssgproject.content_rule_file_permissions_backup_etc_shadow" selected="true"/>
    <select idref="xccdf_org.ssgproject.content_rule_file_owner_backup_etc_shadow" selected="true"/>
    <select idref="xccdf_org.ssgproject.content_rule_file_groupowner_backup_etc_shadow" selected="true"/>
    <select idref="xccdf_org.ssgproject.content_rule_file_permissions_etc_gshadow" selected="true"/>
    <select idref="xccdf_org.ssgproject.content_rule_file_owner_etc_gshadow" selected="true"/>
    <select idref="xccdf_org.ssgproject.content_rule_file_groupowner_etc_gshadow" selected="true"/>
    <select idref="xccdf_org.ssgproject.content_rule_file_permissions_backup_etc_gshadow" selected="true"/>
    <select idref="xccdf_org.ssgproject.content_rule_file_owner_backup_etc_gshadow" selected="true"/>
    <select idref="xccdf_org.ssgproject.content_rule_file_groupowner_backup_etc_gshadow" selected="true"/>
    <select idref="xccdf_org.ssgproject.content_rule_file_permissions_unauthorized_world_writable" selected="true"/>
    <select idref="xccdf_org.ssgproject.content_rule_no_files_unowned_by_user" selected="true"/>
    <select idref="xccdf_org.ssgproject.content_rule_file_permissions_ungroupowned" selected="true"/>
    <select idref="xccdf_org.ssgproject.content_rule_accounts_password_all_shadowed" selected="true"/>
    <select idref="xccdf_org.ssgproject.content_rule_no_empty_passwords_etc_shadow" selected="true"/>
    <select idref="xccdf_org.ssgproject.content_rule_gid_passwd_group_same" selected="true"/>
    <select idref="xccdf_org.ssgproject.content_rule_ensure_shadow_group_empty" selected="true"/>
    <select idref="xccdf_org.ssgproject.content_rule_account_unique_id" selected="true"/>
    <select idref="xccdf_org.ssgproject.content_rule_group_unique_id" selected="true"/>
    <select idref="xccdf_org.ssgproject.content_rule_account_unique_name" selected="true"/>
    <select idref="xccdf_org.ssgproject.content_rule_group_unique_name" selected="true"/>
    <select idref="xccdf_org.ssgproject.content_rule_accounts_root_path_dirs_no_write" selected="true"/>
    <select idref="xccdf_org.ssgproject.content_rule_root_path_no_dot" selected="true"/>
    <select idref="xccdf_org.ssgproject.content_rule_accounts_no_uid_except_zero" selected="true"/>
    <select idref="xccdf_org.ssgproject.content_rule_accounts_user_interactive_home_directory_exists" selected="true"/>
    <select idref="xccdf_org.ssgproject.content_rule_file_ownership_home_directories" selected="true"/>
    <select idref="xccdf_org.ssgproject.content_rule_file_groupownership_home_directories" selected="true"/>
    <select idref="xccdf_org.ssgproject.content_rule_file_permissions_home_directories" selected="true"/>
    <select idref="xccdf_org.ssgproject.content_rule_no_netrc_files" selected="true"/>
    <select idref="xccdf_org.ssgproject.content_rule_no_forward_files" selected="true"/>
    <select idref="xccdf_org.ssgproject.content_rule_no_rsh_trust_files" selected="true"/>
    <select idref="xccdf_org.ssgproject.content_rule_accounts_user_dot_no_world_writable_programs" selected="true"/>
    <select idref="xccdf_org.ssgproject.content_rule_accounts_user_dot_group_ownership" selected="true"/>
    <select idref="xccdf_org.ssgproject.content_rule_accounts_user_dot_user_ownership" selected="true"/>
  </Profile>
</Tailoring>
