{
  "version": 1,
  "profiles": [
    {
      "id": "cis_level1_server-v1.0.0",
      "cac_id": "cis_level1_server",
      "alias_ids": [
        "cis_level1_server"
      ],
      "benchmark_id": "ubuntu2404_CIS_1-v1.0.0",
      "latest_breaking_id": "cis_level1_server-v2.0.0",
      "latest_compatible_id": null
    },
    {
      "id": "cis_level2_server-v1.0.0",
      "cac_id": "cis_level2_server",
      "alias_ids": [
        "cis_level2_server"
      ],
      "benchmark_id": "ubuntu2404_CIS_1-v1.0.0",
      "latest_breaking_id": "cis_level2_server-v2.0.0",
      "latest_compatible_id": null
    },
    {
      "id": "cis_level1_workstation-v1.0.0",
      "cac_id": "cis_level1_workstation",
      "alias_ids": [
        "cis_level1_workstation"
      ],
      "benchmark_id": "ubuntu2404_CIS_1-v1.0.0",
      "latest_breaking_id": "cis_level1_workstation-v2.0.0",
      "latest_compatible_id": null
    },
    {
      "id": "cis_level2_workstation-v1.0.0",
      "cac_id": "cis_level2_workstation",
      "alias_ids": [
        "cis_level2_workstation"
      ],
      "benchmark_id": "ubuntu2404_CIS_1-v1.0.0",
      "latest_breaking_id": "cis_level2_workstation-v1.0.1",
      "latest_compatible_id": null
    },
    {
      "id": "cis_level1_server-v1.0.0.usg1",
      "cac_id": "cis_level1_server",
      "alias_ids": [],
      "benchmark_id": "ubuntu2404_CIS_2-v1.0.0.usg1",
      "latest_breaking_id": "cis_level1_server-v2.0.0",
      "latest_compatible_id": "cis_level1_server-v1.0.1"
    },
    {
      "id": "cis_level2_server-v1.0.0.usg1",
      "cac_id": "cis_level2_server",
      "alias_ids": [],
      "benchmark_id": "ubuntu2404_CIS_2-v1.0.0.usg1",
      "latest_breaking_id": "cis_level2_server-v2.0.0",
      "latest_compatible_id": "cis_level2_server-v1.0.1"
    },
    {
      "id": "cis_level1_workstation-v1.0.0.usg1",
      "cac_id": "cis_level1_workstation",
      "alias_ids": [],
      "benchmark_id": "ubuntu2404_CIS_2-v1.0.0.usg1",
      "latest_breaking_id": "cis_level1_workstation-v2.0.0",
      "latest_compatible_id": "cis_level1_workstation-v1.0.1"
    },
    {
      "id": "cis_level2_workstation-v1.0.0.usg1",
      "cac_id": "cis_level2_workstation",
      "alias_ids": [],
      "benchmark_id": "ubuntu2404_CIS_2-v1.0.0.usg1",
      "latest_breaking_id": null,
      "latest_compatible_id": "cis_level2_workstation-v1.0.1"
    },
    {
      "id": "cis_level1_server-v1.0.1",
      "cac_id": "cis_level1_server",
      "alias_ids": [],
      "benchmark_id": "ubuntu2404_CIS_2-v1.0.1",
      "latest_breaking_id": "cis_level1_server-v2.0.0",
      "latest_compatible_id": null
    },
    {
      "id": "cis_level2_server-v1.0.1",
      "cac_id": "cis_level2_server",
      "alias_ids": [],
      "benchmark_id": "ubuntu2404_CIS_2-v1.0.1",
      "latest_breaking_id": "cis_level2_server-v2.0.0",
      "latest_compatible_id": null
    },
    {
      "id": "cis_level1_workstation-v1.0.1",
      "cac_id": "cis_level1_workstation",
      "alias_ids": [],
      "benchmark_id": "ubuntu2404_CIS_2-v1.0.1",
      "latest_breaking_id": "cis_level1_workstation-v2.0.0",
      "latest_compatible_id": null
    },
    {
      "id": "cis_level2_workstation-v1.0.1",
      "cac_id": "cis_level2_workstation",
      "alias_ids": [],
      "benchmark_id": "ubuntu2404_CIS_2-v1.0.1",
      "latest_breaking_id": null,
      "latest_compatible_id": null
    },
    {
      "id": "cis_level1_server-v2.0.0",
      "cac_id": "cis_level1_server",
      "alias_ids": [],
      "benchmark_id": "ubuntu2404_CIS_3-v2.0.0",
      "latest_breaking_id": null,
      "latest_compatible_id": null
    },
    {
      "id": "cis_level2_server-v2.0.0",
      "cac_id": "cis_level2_server",
      "alias_ids": [],
      "benchmark_id": "ubuntu2404_CIS_3-v2.0.0",
      "latest_breaking_id": null,
      "latest_compatible_id": null
    },
    {
      "id": "cis_level1_workstation-v2.0.0",
      "cac_id": "cis_level1_workstation",
      "alias_ids": [],
      "benchmark_id": "ubuntu2404_CIS_3-v2.0.0",
      "latest_breaking_id": null,
      "latest_compatible_id": null
    },
    {
      "id": "stig-v1r1",
      "cac_id": "stig",
      "alias_ids": [
        "stig",
        "disa_stig"
      ],
      "benchmark_id": "ubuntu2404_STIG_1-V1R1",
      "latest_breaking_id": "stig-v1r3",
      "latest_compatible_id": null
    },
    {
      "id": "stig-v1r2",
      "cac_id": "stig",
      "alias_ids": [],
      "benchmark_id": "ubuntu2404_STIG_2-V1R2",
      "latest_breaking_id": null,
      "latest_compatible_id": "stig-v1r3"
    },
    {
      "id": "stig-v1r3",
      "cac_id": "stig",
      "alias_ids": [],
      "benchmark_id": "ubuntu2404_STIG_2-V1R3",
      "latest_breaking_id": null,
      "latest_compatible_id": null
    }
  ],
  "benchmarks": [
    {
      "id": "ubuntu2404_CIS_1-v1.0.0",
      "channel_id": "ubuntu2404_CIS_1",
      "benchmark_type": "CIS",
      "product": "ubuntu2404",
      "product_long": "Ubuntu 24.04 LTS (Noble Numbat)",
      "channel_number": 1,
      "latest_breaking_id": "ubuntu2404_CIS_3-v2.0.0",
      "latest_compatible_id": null,
      "state": "Maintenance",
      "version": "v1.0.0",
      "profiles": {
        "cis_level1_server": "cis_level1_server-v1.0.0",
        "cis_level2_server": "cis_level2_server-v1.0.0",
        "cis_level1_workstation": "cis_level1_workstation-v1.0.0",
        "cis_level2_workstation": "cis_level2_workstation-v1.0.0"
      },
      "description": "ComplianceAsCode implementation of CIS Ubuntu 24.04 LTS v1.0.0 benchmark.",
      "release_notes_url": "https://github.com/canonical/ubuntu-security-guide/",
      "reference_url": "https://www.cisecurity.org/benchmark/ubuntu_linux/"
    },
    {
      "id": "ubuntu2404_CIS_2-v1.0.0.usg1",
      "channel_id": "ubuntu2404_CIS_2",
      "benchmark_type": "CIS",
      "product": "ubuntu2404",
      "product_long": "Ubuntu 24.04 LTS (Noble Numbat)",
      "channel_number": 2,
      "latest_breaking_id": "ubuntu2404_CIS_3-v2.0.0",
      "latest_compatible_id": "ubuntu2404_CIS_2-v1.0.1",
      "state": "Maintenance",
      "version": "v1.0.0.usg1",
      "profiles": {
        "cis_level1_server": "cis_level1_server-v1.0.0.usg1",
        "cis_level2_server": "cis_level2_server-v1.0.0.usg1",
        "cis_level1_workstation": "cis_level1_workstation-v1.0.0.usg1",
        "cis_level2_workstation": "cis_level2_workstation-v1.0.0.usg1"
      },
      "description": "ComplianceAsCode implementation of CIS Ubuntu 24.04 LTS v1.0.0 benchmark.",
      "release_notes_url": "https://github.com/canonical/ubuntu-security-guide/",
      "reference_url": "https://www.cisecurity.org/benchmark/ubuntu_linux/"
    },
    {
      "id": "ubuntu2404_CIS_2-v1.0.1",
      "channel_id": "ubuntu2404_CIS_2",
      "benchmark_type": "CIS",
      "product": "ubuntu2404",
      "product_long": "Ubuntu 24.04 LTS (Noble Numbat)",
      "channel_number": 2,
      "latest_breaking_id": "ubuntu2404_CIS_3-v2.0.0",
      "latest_compatible_id": null,
      "state": "Maintenance",
      "version": "v1.0.1",
      "profiles": {
        "cis_level1_server": "cis_level1_server-v1.0.1",
        "cis_level2_server": "cis_level2_server-v1.0.1",
        "cis_level1_workstation": "cis_level1_workstation-v1.0.1",
        "cis_level2_workstation": "cis_level2_workstation-v1.0.1"
      },
      "description": "ComplianceAsCode implementation of CIS Ubuntu 24.04 LTS v1.0.1 benchmark.",
      "release_notes_url": "https://github.com/canonical/ubuntu-security-guide/",
      "reference_url": "https://www.cisecurity.org/benchmark/ubuntu_linux/"
    },
    {
      "id": "ubuntu2404_CIS_3-v2.0.0",
      "channel_id": "ubuntu2404_CIS_3",
      "benchmark_type": "CIS",
      "product": "ubuntu2404",
      "product_long": "Ubuntu 24.04 LTS (Noble Numbat)",
      "channel_number": 3,
      "latest_breaking_id": null,
      "latest_compatible_id": null,
      "state": "Latest stable",
      "version": "v2.0.0",
      "profiles": {
        "cis_level1_server": "cis_level1_server-v2.0.0",
        "cis_level2_server": "cis_level2_server-v2.0.0",
        "cis_level1_workstation": "cis_level1_workstation-v2.0.0"
      },
      "description": "ComplianceAsCode implementation of CIS Ubuntu 24.04 LTS v2.0.0 benchmark.",
      "release_notes_url": "https://github.com/canonical/ubuntu-security-guide/",
      "reference_url": "https://www.cisecurity.org/benchmark/ubuntu_linux/"
    },
    {
      "id": "ubuntu2404_STIG_1-V1R1",
      "channel_id": "ubuntu2404_STIG_1",
      "benchmark_type": "STIG",
      "product": "ubuntu2404",
      "product_long": "Ubuntu 24.04 LTS (Noble Numbat)",
      "channel_number": 1,
      "latest_breaking_id": "ubuntu2404_STIG_2-V1R3",
      "latest_compatible_id": null,
      "state": "Maintenance",
      "version": "V1R1",
      "profiles": {
        "stig": "stig-v1r1"
      },
      "description": "ComplianceAsCode implementation of STIG Ubuntu 24.04 LTS V1R1 benchmark.",
      "release_notes_url": "https://github.com/canonical/ubuntu-security-guide/",
      "reference_url": "https://public.cyber.mil/stigs/downloads/"
    },
    {
      "id": "ubuntu2404_STIG_2-V1R2",
      "channel_id": "ubuntu2404_STIG_2",
      "benchmark_type": "STIG",
      "product": "ubuntu2404",
      "product_long": "Ubuntu 24.04 LTS (Noble Numbat)",
      "channel_number": 2,
      "latest_breaking_id": null,
      "latest_compatible_id": "ubuntu2404_STIG_2-V1R3",
      "state": "Superseded by V1R3",
      "version": "V1R2",
      "profiles": {
        "stig": "stig-v1r2"
      },
      "description": "ComplianceAsCode implementation of STIG Ubuntu 24.04 LTS V1R2 benchmark.",
      "release_notes_url": "https://github.com/canonical/ubuntu-security-guide/",
      "reference_url": "https://public.cyber.mil/stigs/downloads/"
    },
    {
      "id": "ubuntu2404_STIG_2-V1R3",
      "channel_id": "ubuntu2404_STIG_2",
      "benchmark_type": "STIG",
      "product": "ubuntu2404",
      "product_long": "Ubuntu 24.04 LTS (Noble Numbat)",
      "channel_number": 2,
      "latest_breaking_id": null,
      "latest_compatible_id": null,
      "state": "Latest stable",
      "version": "V1R3",
      "profiles": {
        "stig": "stig-v1r3"
      },
      "description": "ComplianceAsCode implementation of STIG Ubuntu 24.04 LTS V1R3 benchmark.",
      "release_notes_url": "https://github.com/canonical/ubuntu-security-guide/",
      "reference_url": "https://public.cyber.mil/stigs/downloads/"
    }
  ],
  "release_channels": [
    {
      "id": "ubuntu2404_CIS_1",
      "benchmark_ids": [
        "ubuntu2404_CIS_1-v1.0.0"
      ],
      "channel_number": 1,
      "is_latest": false,
      "cac_product": "ubuntu2404",
      "cac_profiles": [
        "cis_level1_server",
        "cis_level2_server",
        "cis_level1_workstation",
        "cis_level2_workstation"
      ],
      "release_tag": "ubuntu2404_CIS_v1.0.0_24.04.2",
      "release_commit": "hash2",
      "release_notes_url": "https://github.com/canonical/ubuntu-security-guide/",
      "release_timestamp": 1,
      "data_files": {
        "datastream_gz": {
          "path": "ubuntu2404_CIS_1/ssg-ubuntu2404-ds.xml.gz",
          "sha256": "501976f555746e204de66bf7b9ec722860d02771f5715163c1a49f0541dfa2d6",
          "sha256_orig": "d5698f5a7d570b9bd033215700a1f67543e6d2bf6bfd0822740b449f12325330"
        }
      },
      "tailoring_files": {
        "cis_level1_server": {
          "path": "ubuntu2404_CIS_1/tailoring/cis_level1_server-tailoring.xml",
          "sha256": "40fdfe10a2bd09db8a4ff00f423da15d5dfe6abd7947f63d454858e61f838acb"
        },
        "cis_level2_server": {
          "path": "ubuntu2404_CIS_1/tailoring/cis_level2_server-tailoring.xml",
          "sha256": "e99ff55293caf4112cf8507136a8a50985386521314a09f8d02684acf2ee871c"
        },
        "cis_level1_workstation": {
          "path": "ubuntu2404_CIS_1/tailoring/cis_level1_workstation-tailoring.xml",
          "sha256": "a6ed77738a5e97bc152027f3790cbda92cc6f171ed6d620ec30fa2e7c05ac2f1"
        },
        "cis_level2_workstation": {
          "path": "ubuntu2404_CIS_1/tailoring/cis_level2_workstation-tailoring.xml",
          "sha256": "4848e8aa8da869dff3419e7c8b8dccf89fce094dd4b9af4af22a27232c03f6b9"
        }
      }
    },
    {
      "id": "ubuntu2404_CIS_2",
      "benchmark_ids": [
        "ubuntu2404_CIS_2-v1.0.0.usg1",
        "ubuntu2404_CIS_2-v1.0.1"
      ],
      "channel_number": 2,
      "is_latest": false,
      "cac_product": "ubuntu2404",
      "cac_profiles": [
        "cis_level1_server",
        "cis_level2_server",
        "cis_level1_workstation",
        "cis_level2_workstation"
      ],
      "release_tag": "ubuntu2404_CIS_v1.0.1_24.04.9",
      "release_commit": "hash9",
      "release_notes_url": "https://github.com/canonical/ubuntu-security-guide/",
      "release_timestamp": 2,
      "data_files": {
        "datastream_gz": {
          "path": "ubuntu2404_CIS_2/ssg-ubuntu2404-ds.xml.gz",
          "sha256": "501976f555746e204de66bf7b9ec722860d02771f5715163c1a49f0541dfa2d6",
          "sha256_orig": "d5698f5a7d570b9bd033215700a1f67543e6d2bf6bfd0822740b449f12325330"
        }
      },
      "tailoring_files": {
        "cis_level1_server": {
          "path": "ubuntu2404_CIS_2/tailoring/cis_level1_server-tailoring.xml",
          "sha256": "d91b9fd28372d617b1e86af5a7fbadd9644708e40e1ca669062083181638d6d2"
        },
        "cis_level2_server": {
          "path": "ubuntu2404_CIS_2/tailoring/cis_level2_server-tailoring.xml",
          "sha256": "a47d4e557e7c3a3e0fa14f320a2550db2a9ed52766239e11fedb6bf56273b578"
        },
        "cis_level1_workstation": {
          "path": "ubuntu2404_CIS_2/tailoring/cis_level1_workstation-tailoring.xml",
          "sha256": "43954c3f8851858d10e436c1d947bec13bf1491412e14fd9c10104de008671be"
        },
        "cis_level2_workstation": {
          "path": "ubuntu2404_CIS_2/tailoring/cis_level2_workstation-tailoring.xml",
          "sha256": "68106821091b132721cc6e0d3f43db6fb7dd3b3403a07d06b0288c0e763ca7a1"
        }
      }
    },
    {
      "id": "ubuntu2404_CIS_3",
      "benchmark_ids": [
        "ubuntu2404_CIS_3-v2.0.0"
      ],
      "channel_number": 3,
      "is_latest": true,
      "cac_product": "ubuntu2404",
      "cac_profiles": [
        "cis_level1_server",
        "cis_level2_server",
        "cis_level1_workstation"
      ],
      "release_tag": "ubuntu2404_CIS_v2.0.0_24.04.8",
      "release_commit": "hash8",
      "release_notes_url": "https://github.com/canonical/ubuntu-security-guide/",
      "release_timestamp": 3,
      "data_files": {
        "datastream_gz": {
          "path": "ubuntu2404_CIS_3/ssg-ubuntu2404-ds.xml.gz",
          "sha256": "501976f555746e204de66bf7b9ec722860d02771f5715163c1a49f0541dfa2d6",
          "sha256_orig": "d5698f5a7d570b9bd033215700a1f67543e6d2bf6bfd0822740b449f12325330"
        }
      },
      "tailoring_files": {
        "cis_level1_server": {
          "path": "ubuntu2404_CIS_3/tailoring/cis_level1_server-tailoring.xml",
          "sha256": "17cf49e248d595712829c6d29f59fda08d26a8b1b60571c12993d7144122b2c1"
        },
        "cis_level2_server": {
          "path": "ubuntu2404_CIS_3/tailoring/cis_level2_server-tailoring.xml",
          "sha256": "3e74bdfbf075934e9f06ac2c39f8f181f9769f6f486a6c68bf7b128f83cdd605"
        },
        "cis_level1_workstation": {
          "path": "ubuntu2404_CIS_3/tailoring/cis_level1_workstation-tailoring.xml",
          "sha256": "f745905551347a63e4134b33a3ab4313e3290fe8a7b3b1493af79917bf47429a"
        }
      }
    },
    {
      "id": "ubuntu2404_STIG_1",
      "benchmark_ids": [
        "ubuntu2404_STIG_1-V1R1"
      ],
      "channel_number": 1,
      "is_latest": false,
      "cac_product": "ubuntu2404",
      "cac_profiles": [
        "stig"
      ],
      "release_tag": "ubuntu2404_STIG_V1R1_24.04.5",
      "release_commit": "hash1",
      "release_notes_url": "https://github.com/canonical/ubuntu-security-guide/",
      "release_timestamp": 4,
      "data_files": {
        "datastream_gz": {
          "path": "ubuntu2404_STIG_1/ssg-ubuntu2404-ds.xml.gz",
          "sha256": "501976f555746e204de66bf7b9ec722860d02771f5715163c1a49f0541dfa2d6",
          "sha256_orig": "d5698f5a7d570b9bd033215700a1f67543e6d2bf6bfd0822740b449f12325330"
        }
      },
      "tailoring_files": {
        "stig": {
          "path": "ubuntu2404_STIG_1/tailoring/stig-tailoring.xml",
          "sha256": "a76157f82edcb81953b5bd9d1dbb300249ca8d75eb3b613a98d1e56593a27851"
        }
      }
    },
    {
      "id": "ubuntu2404_STIG_2",
      "benchmark_ids": [
        "ubuntu2404_STIG_2-V1R2",
        "ubuntu2404_STIG_2-V1R3"
      ],
      "channel_number": 2,
      "is_latest": true,
      "cac_product": "ubuntu2404",
      "cac_profiles": [
        "stig"
      ],
      "release_tag": "ubuntu2404_STIG_V1R3_24.04.7",
      "release_commit": "hash3",
      "release_notes_url": "https://github.com/canonical/ubuntu-security-guide/",
      "release_timestamp": 5,
      "data_files": {
        "datastream_gz": {
          "path": "ubuntu2404_STIG_2/ssg-ubuntu2404-ds.xml.gz",
          "sha256": "501976f555746e204de66bf7b9ec722860d02771f5715163c1a49f0541dfa2d6",
          "sha256_orig": "d5698f5a7d570b9bd033215700a1f67543e6d2bf6bfd0822740b449f12325330"
        }
      },
      "tailoring_files": {
        "stig": {
          "path": "ubuntu2404_STIG_2/tailoring/stig-tailoring.xml",
          "sha256": "8cc81c293bfef3ec75acbef9a45283cef70ddb73583758fed684be19cd8279fb"
        }
      }
    }
  ]
}
